
*** Running vivado
    with args -log top_fpgam.vds -m64 -product Vivado -mode batch -messageDb vivado.pb -notrace -source top_fpgam.tcl


****** Vivado v2019.1 (64-bit)
  **** SW Build 2552052 on Fri May 24 14:49:42 MDT 2019
  **** IP Build 2548770 on Fri May 24 18:01:18 MDT 2019
    ** Copyright 1986-2019 Xilinx, Inc. All Rights Reserved.

source top_fpgam.tcl -notrace
Command: synth_design -top top_fpgam -part xc7a35tcpg236-1
Starting synth_design
Attempting to get a license for feature 'Synthesis' and/or device 'xc7a35t'
INFO: [Common 17-349] Got license for feature 'Synthesis' and/or device 'xc7a35t'
INFO: [Device 21-403] Loading part xc7a35tcpg236-1
INFO: Launching helper process for spawning children vivado processes
INFO: Helper process launched with PID 5976 
---------------------------------------------------------------------------------
Starting RTL Elaboration : Time (s): cpu = 00:00:03 ; elapsed = 00:00:04 . Memory (MB): peak = 700.289 ; gain = 177.113
---------------------------------------------------------------------------------
INFO: [Synth 8-6157] synthesizing module 'top_fpgam' [C:/Xilinx/LowPower_Integrated_clock_Gating/LowPower_Integrated_clock_Gating.srcs/sources_1/new/top_fpgam.v:1]
INFO: [Synth 8-6157] synthesizing module 'clock_controller' [C:/Xilinx/LowPower_Integrated_clock_Gating/LowPower_Integrated_clock_Gating.srcs/sources_1/new/clock_controller.v:1]
	Parameter ACTIVE bound to: 2'b00 
	Parameter IDLE bound to: 2'b01 
	Parameter WAKE bound to: 2'b10 
INFO: [Synth 8-6155] done synthesizing module 'clock_controller' (1#1) [C:/Xilinx/LowPower_Integrated_clock_Gating/LowPower_Integrated_clock_Gating.srcs/sources_1/new/clock_controller.v:1]
INFO: [Synth 8-6157] synthesizing module 'clock_gate_bufgce' [C:/Xilinx/LowPower_Integrated_clock_Gating/LowPower_Integrated_clock_Gating.srcs/sources_1/new/clock_gate_bufgce.v:1]
INFO: [Synth 8-6157] synthesizing module 'BUFGCE' [C:/Xilinx/Vivado/2019.1/scripts/rt/data/unisim_comp.v:1085]
	Parameter CE_TYPE bound to: SYNC - type: string 
	Parameter IS_CE_INVERTED bound to: 1'b0 
	Parameter IS_I_INVERTED bound to: 1'b0 
	Parameter SIM_DEVICE bound to: ULTRASCALE - type: string 
	Parameter STARTUP_SYNC bound to: FALSE - type: string 
INFO: [Synth 8-6155] done synthesizing module 'BUFGCE' (2#1) [C:/Xilinx/Vivado/2019.1/scripts/rt/data/unisim_comp.v:1085]
INFO: [Synth 8-6155] done synthesizing module 'clock_gate_bufgce' (3#1) [C:/Xilinx/LowPower_Integrated_clock_Gating/LowPower_Integrated_clock_Gating.srcs/sources_1/new/clock_gate_bufgce.v:1]
INFO: [Synth 8-6157] synthesizing module 'functional_counter' [C:/Xilinx/LowPower_Integrated_clock_Gating/LowPower_Integrated_clock_Gating.srcs/sources_1/new/functional_counter.v:1]
INFO: [Synth 8-6155] done synthesizing module 'functional_counter' (4#1) [C:/Xilinx/LowPower_Integrated_clock_Gating/LowPower_Integrated_clock_Gating.srcs/sources_1/new/functional_counter.v:1]
INFO: [Synth 8-6157] synthesizing module 'seven_segment' [C:/Xilinx/LowPower_Integrated_clock_Gating/LowPower_Integrated_clock_Gating.srcs/sources_1/new/seven_segment.v:1]
INFO: [Synth 8-226] default block is never used [C:/Xilinx/LowPower_Integrated_clock_Gating/LowPower_Integrated_clock_Gating.srcs/sources_1/new/seven_segment.v:47]
INFO: [Synth 8-226] default block is never used [C:/Xilinx/LowPower_Integrated_clock_Gating/LowPower_Integrated_clock_Gating.srcs/sources_1/new/seven_segment.v:85]
INFO: [Synth 8-6155] done synthesizing module 'seven_segment' (5#1) [C:/Xilinx/LowPower_Integrated_clock_Gating/LowPower_Integrated_clock_Gating.srcs/sources_1/new/seven_segment.v:1]
INFO: [Synth 8-6155] done synthesizing module 'top_fpgam' (6#1) [C:/Xilinx/LowPower_Integrated_clock_Gating/LowPower_Integrated_clock_Gating.srcs/sources_1/new/top_fpgam.v:1]
WARNING: [Synth 8-3917] design top_fpgam has port LED[14] driven by constant 1
WARNING: [Synth 8-3331] design top_fpgam has unconnected port SW[3]
WARNING: [Synth 8-3331] design top_fpgam has unconnected port SW[2]
---------------------------------------------------------------------------------
Finished RTL Elaboration : Time (s): cpu = 00:00:04 ; elapsed = 00:00:06 . Memory (MB): peak = 763.660 ; gain = 240.484
---------------------------------------------------------------------------------

Report Check Netlist: 
+------+------------------+-------+---------+-------+------------------+
|      |Item              |Errors |Warnings |Status |Description       |
+------+------------------+-------+---------+-------+------------------+
|1     |multi_driven_nets |      0|        0|Passed |Multi driven nets |
+------+------------------+-------+---------+-------+------------------+
---------------------------------------------------------------------------------
Start Handling Custom Attributes
---------------------------------------------------------------------------------
---------------------------------------------------------------------------------
Finished Handling Custom Attributes : Time (s): cpu = 00:00:04 ; elapsed = 00:00:06 . Memory (MB): peak = 763.660 ; gain = 240.484
---------------------------------------------------------------------------------
---------------------------------------------------------------------------------
Finished RTL Optimization Phase 1 : Time (s): cpu = 00:00:04 ; elapsed = 00:00:06 . Memory (MB): peak = 763.660 ; gain = 240.484
---------------------------------------------------------------------------------
WARNING: [Netlist 29-345] The value of SIM_DEVICE on instance 'clock_gate/clock_gate_inst' of type 'BUFGCE' is 'ULTRASCALE'; it is being changed to match the current FPGA architecture, '7SERIES'. For functional simulation to match hardware behavior, the value of SIM_DEVICE should be changed in the source netlist. 
INFO: [Netlist 29-17] Analyzing 1 Unisim elements for replacement
WARNING: [Netlist 29-345] The value of SIM_DEVICE on instance 'clock_gate/clock_gate_inst' of type 'BUFGCTRL' is 'ULTRASCALE'; it is being changed to match the current FPGA architecture, '7SERIES'. For functional simulation to match hardware behavior, the value of SIM_DEVICE should be changed in the source netlist. 
INFO: [Netlist 29-28] Unisim Transformation completed in 0 CPU seconds
INFO: [Project 1-570] Preparing netlist for logic optimization

Processing XDC Constraints
Initializing timing engine
Parsing XDC File [C:/Xilinx/LowPower_Integrated_clock_Gating/LowPower_Integrated_clock_Gating.srcs/constrs_1/new/Basys3_ClockGating.xdc]
Finished Parsing XDC File [C:/Xilinx/LowPower_Integrated_clock_Gating/LowPower_Integrated_clock_Gating.srcs/constrs_1/new/Basys3_ClockGating.xdc]
INFO: [Project 1-236] Implementation specific constraints were found while reading constraint file [C:/Xilinx/LowPower_Integrated_clock_Gating/LowPower_Integrated_clock_Gating.srcs/constrs_1/new/Basys3_ClockGating.xdc]. These constraints will be ignored for synthesis but will be used in implementation. Impacted constraints are listed in the file [.Xil/top_fpgam_propImpl.xdc].
Resolution: To avoid this warning, move constraints listed in [.Xil/top_fpgam_propImpl.xdc] to another XDC file and exclude this new file from synthesis with the used_in_synthesis property (File Properties dialog in GUI) and re-run elaboration/synthesis.
Completed Processing XDC Constraints

Netlist sorting complete. Time (s): cpu = 00:00:00 ; elapsed = 00:00:00 . Memory (MB): peak = 874.574 ; gain = 0.000
INFO: [Project 1-111] Unisim Transformation Summary:
  A total of 1 instances were transformed.
  BUFGCE => BUFGCTRL: 1 instances

Constraint Validation Runtime : Time (s): cpu = 00:00:00 ; elapsed = 00:00:00.010 . Memory (MB): peak = 874.574 ; gain = 0.000
---------------------------------------------------------------------------------
Finished Constraint Validation : Time (s): cpu = 00:00:10 ; elapsed = 00:00:13 . Memory (MB): peak = 874.574 ; gain = 351.398
---------------------------------------------------------------------------------
---------------------------------------------------------------------------------
Start Loading Part and Timing Information
---------------------------------------------------------------------------------
Loading part: xc7a35tcpg236-1
---------------------------------------------------------------------------------
Finished Loading Part and Timing Information : Time (s): cpu = 00:00:10 ; elapsed = 00:00:13 . Memory (MB): peak = 874.574 ; gain = 351.398
---------------------------------------------------------------------------------
---------------------------------------------------------------------------------
Start Applying 'set_property' XDC Constraints
---------------------------------------------------------------------------------
---------------------------------------------------------------------------------
Finished applying 'set_property' XDC Constraints : Time (s): cpu = 00:00:10 ; elapsed = 00:00:14 . Memory (MB): peak = 874.574 ; gain = 351.398
---------------------------------------------------------------------------------
INFO: [Synth 8-802] inferred FSM for state register 'state_reg' in module 'clock_controller'
---------------------------------------------------------------------------------------------------
                   State |                     New Encoding |                Previous Encoding 
---------------------------------------------------------------------------------------------------
                  ACTIVE |                              001 |                               00
                    IDLE |                              010 |                               01
                    WAKE |                              100 |                               10
---------------------------------------------------------------------------------------------------
INFO: [Synth 8-3354] encoded FSM with state register 'state_reg' using encoding 'one-hot' in module 'clock_controller'
---------------------------------------------------------------------------------
Finished RTL Optimization Phase 2 : Time (s): cpu = 00:00:10 ; elapsed = 00:00:14 . Memory (MB): peak = 874.574 ; gain = 351.398
---------------------------------------------------------------------------------

Report RTL Partitions: 
+-+--------------+------------+----------+
| |RTL Partition |Replication |Instances |
+-+--------------+------------+----------+
+-+--------------+------------+----------+
---------------------------------------------------------------------------------
Start RTL Component Statistics 
---------------------------------------------------------------------------------
Detailed RTL Component Info : 
+---Adders : 
	   2 Input     26 Bit       Adders := 1     
	   2 Input     17 Bit       Adders := 1     
	   2 Input      2 Bit       Adders := 1     
+---Registers : 
	               26 Bit    Registers := 1     
	               17 Bit    Registers := 1     
	               16 Bit    Registers := 1     
	                2 Bit    Registers := 1     
	                1 Bit    Registers := 7     
+---Muxes : 
	   2 Input     26 Bit        Muxes := 1     
	   2 Input     17 Bit        Muxes := 1     
	   4 Input      4 Bit        Muxes := 2     
	   3 Input      3 Bit        Muxes := 1     
	   2 Input      3 Bit        Muxes := 2     
	   3 Input      1 Bit        Muxes := 1     
---------------------------------------------------------------------------------
Finished RTL Component Statistics 
---------------------------------------------------------------------------------
---------------------------------------------------------------------------------
Start RTL Hierarchical Component Statistics 
---------------------------------------------------------------------------------
Hierarchical RTL Component report 
Module clock_controller 
Detailed RTL Component Info : 
+---Registers : 
	                1 Bit    Registers := 6     
+---Muxes : 
	   3 Input      3 Bit        Muxes := 1     
	   2 Input      3 Bit        Muxes := 2     
	   3 Input      1 Bit        Muxes := 1     
Module functional_counter 
Detailed RTL Component Info : 
+---Adders : 
	   2 Input     26 Bit       Adders := 1     
+---Registers : 
	               26 Bit    Registers := 1     
	               16 Bit    Registers := 1     
	                1 Bit    Registers := 1     
+---Muxes : 
	   2 Input     26 Bit        Muxes := 1     
Module seven_segment 
Detailed RTL Component Info : 
+---Adders : 
	   2 Input     17 Bit       Adders := 1     
	   2 Input      2 Bit       Adders := 1     
+---Registers : 
	               17 Bit    Registers := 1     
	                2 Bit    Registers := 1     
+---Muxes : 
	   2 Input     17 Bit        Muxes := 1     
	   4 Input      4 Bit        Muxes := 2     
---------------------------------------------------------------------------------
Finished RTL Hierarchical Component Statistics
---------------------------------------------------------------------------------
---------------------------------------------------------------------------------
Start Part Resource Summary
---------------------------------------------------------------------------------
Part Resources:
DSPs: 90 (col length:60)
BRAMs: 100 (col length: RAMB18 60 RAMB36 30)
---------------------------------------------------------------------------------
Finished Part Resource Summary
---------------------------------------------------------------------------------
---------------------------------------------------------------------------------
Start Cross Boundary and Area Optimization
---------------------------------------------------------------------------------
Warning: Parallel synthesis criteria is not met 
WARNING: [Synth 8-3917] design top_fpgam has port LED[14] driven by constant 1
WARNING: [Synth 8-3917] design top_fpgam has port dp driven by constant 1
WARNING: [Synth 8-3331] design top_fpgam has unconnected port SW[3]
WARNING: [Synth 8-3331] design top_fpgam has unconnected port SW[2]
---------------------------------------------------------------------------------
Finished Cross Boundary and Area Optimization : Time (s): cpu = 00:00:12 ; elapsed = 00:00:16 . Memory (MB): peak = 874.574 ; gain = 351.398
---------------------------------------------------------------------------------

Report RTL Partitions: 
+-+--------------+------------+----------+
| |RTL Partition |Replication |Instances |
+-+--------------+------------+----------+
+-+--------------+------------+----------+
---------------------------------------------------------------------------------
Start Applying XDC Timing Constraints
---------------------------------------------------------------------------------
---------------------------------------------------------------------------------
Finished Applying XDC Timing Constraints : Time (s): cpu = 00:00:20 ; elapsed = 00:00:24 . Memory (MB): peak = 874.574 ; gain = 351.398
---------------------------------------------------------------------------------
---------------------------------------------------------------------------------
Start Timing Optimization
---------------------------------------------------------------------------------
---------------------------------------------------------------------------------
Finished Timing Optimization : Time (s): cpu = 00:00:20 ; elapsed = 00:00:25 . Memory (MB): peak = 876.750 ; gain = 353.574
---------------------------------------------------------------------------------

Report RTL Partitions: 
+-+--------------+------------+----------+
| |RTL Partition |Replication |Instances |
+-+--------------+------------+----------+
+-+--------------+------------+----------+
---------------------------------------------------------------------------------
Start Technology Mapping
---------------------------------------------------------------------------------
---------------------------------------------------------------------------------
Finished Technology Mapping : Time (s): cpu = 00:00:20 ; elapsed = 00:00:25 . Memory (MB): peak = 876.750 ; gain = 353.574
---------------------------------------------------------------------------------

Report RTL Partitions: 
+-+--------------+------------+----------+
| |RTL Partition |Replication |Instances |
+-+--------------+------------+----------+
+-+--------------+------------+----------+
---------------------------------------------------------------------------------
Start IO Insertion
---------------------------------------------------------------------------------
---------------------------------------------------------------------------------
Start Flattening Before IO Insertion
---------------------------------------------------------------------------------
---------------------------------------------------------------------------------
Finished Flattening Before IO Insertion
---------------------------------------------------------------------------------
---------------------------------------------------------------------------------
Start Final Netlist Cleanup
---------------------------------------------------------------------------------
---------------------------------------------------------------------------------
Finished Final Netlist Cleanup
---------------------------------------------------------------------------------
WARNING: [Synth 8-5410] Found another clock driver \clock_gate/clock_gate_inst :O [C:/Xilinx/LowPower_Integrated_clock_Gating/LowPower_Integrated_clock_Gating.srcs/sources_1/new/clock_gate_bufgce.v:7]
---------------------------------------------------------------------------------
Finished IO Insertion : Time (s): cpu = 00:00:22 ; elapsed = 00:00:27 . Memory (MB): peak = 885.684 ; gain = 362.508
---------------------------------------------------------------------------------

Report Check Netlist: 
+------+------------------+-------+---------+-------+------------------+
|      |Item              |Errors |Warnings |Status |Description       |
+------+------------------+-------+---------+-------+------------------+
|1     |multi_driven_nets |      0|        0|Passed |Multi driven nets |
+------+------------------+-------+---------+-------+------------------+
---------------------------------------------------------------------------------
Start Renaming Generated Instances
---------------------------------------------------------------------------------
---------------------------------------------------------------------------------
Finished Renaming Generated Instances : Time (s): cpu = 00:00:22 ; elapsed = 00:00:27 . Memory (MB): peak = 885.684 ; gain = 362.508
---------------------------------------------------------------------------------

Report RTL Partitions: 
+-+--------------+------------+----------+
| |RTL Partition |Replication |Instances |
+-+--------------+------------+----------+
+-+--------------+------------+----------+
---------------------------------------------------------------------------------
Start Rebuilding User Hierarchy
---------------------------------------------------------------------------------
---------------------------------------------------------------------------------
Finished Rebuilding User Hierarchy : Time (s): cpu = 00:00:22 ; elapsed = 00:00:27 . Memory (MB): peak = 885.684 ; gain = 362.508
---------------------------------------------------------------------------------
---------------------------------------------------------------------------------
Start Renaming Generated Ports
---------------------------------------------------------------------------------
---------------------------------------------------------------------------------
Finished Renaming Generated Ports : Time (s): cpu = 00:00:22 ; elapsed = 00:00:27 . Memory (MB): peak = 885.684 ; gain = 362.508
---------------------------------------------------------------------------------
---------------------------------------------------------------------------------
Start Handling Custom Attributes
---------------------------------------------------------------------------------
---------------------------------------------------------------------------------
Finished Handling Custom Attributes : Time (s): cpu = 00:00:22 ; elapsed = 00:00:27 . Memory (MB): peak = 885.684 ; gain = 362.508
---------------------------------------------------------------------------------
---------------------------------------------------------------------------------
Start Renaming Generated Nets
---------------------------------------------------------------------------------
---------------------------------------------------------------------------------
Finished Renaming Generated Nets : Time (s): cpu = 00:00:22 ; elapsed = 00:00:27 . Memory (MB): peak = 885.684 ; gain = 362.508
---------------------------------------------------------------------------------
---------------------------------------------------------------------------------
Start Writing Synthesis Report
---------------------------------------------------------------------------------

Report BlackBoxes: 
+-+--------------+----------+
| |BlackBox name |Instances |
+-+--------------+----------+
+-+--------------+----------+

Report Cell Usage: 
+------+-------+------+
|      |Cell   |Count |
+------+-------+------+
|1     |BUFG   |     1|
|2     |BUFGCE |     1|
|3     |CARRY4 |    19|
|4     |LUT1   |     3|
|5     |LUT2   |    34|
|6     |LUT3   |     2|
|7     |LUT4   |    16|
|8     |LUT5   |    18|
|9     |LUT6   |    17|
|10    |FDRE   |    85|
|11    |FDSE   |     2|
|12    |IBUF   |     4|
|13    |OBUF   |    28|
+------+-------+------+

Report Instance Areas: 
+------+----------------+-------------------+------+
|      |Instance        |Module             |Cells |
+------+----------------+-------------------+------+
|1     |top             |                   |   230|
|2     |  clock_gate    |clock_gate_bufgce  |     1|
|3     |  controller    |clock_controller   |    15|
|4     |  counter_block |functional_counter |   131|
|5     |  display       |seven_segment      |    50|
+------+----------------+-------------------+------+
---------------------------------------------------------------------------------
Finished Writing Synthesis Report : Time (s): cpu = 00:00:22 ; elapsed = 00:00:27 . Memory (MB): peak = 885.684 ; gain = 362.508
---------------------------------------------------------------------------------
Synthesis finished with 0 errors, 0 critical warnings and 5 warnings.
Synthesis Optimization Runtime : Time (s): cpu = 00:00:16 ; elapsed = 00:00:23 . Memory (MB): peak = 885.684 ; gain = 251.594
Synthesis Optimization Complete : Time (s): cpu = 00:00:22 ; elapsed = 00:00:27 . Memory (MB): peak = 885.684 ; gain = 362.508
INFO: [Project 1-571] Translating synthesized netlist
WARNING: [Netlist 29-345] The value of SIM_DEVICE on instance 'clock_gate/clock_gate_inst' of type 'BUFGCE' is 'ULTRASCALE'; it is being changed to match the current FPGA architecture, '7SERIES'. For functional simulation to match hardware behavior, the value of SIM_DEVICE should be changed in the source netlist. 
INFO: [Netlist 29-17] Analyzing 20 Unisim elements for replacement
WARNING: [Netlist 29-345] The value of SIM_DEVICE on instance 'clock_gate/clock_gate_inst' of type 'BUFGCTRL' is 'ULTRASCALE'; it is being changed to match the current FPGA architecture, '7SERIES'. For functional simulation to match hardware behavior, the value of SIM_DEVICE should be changed in the source netlist. 
INFO: [Netlist 29-28] Unisim Transformation completed in 0 CPU seconds
INFO: [Project 1-570] Preparing netlist for logic optimization
INFO: [Opt 31-138] Pushed 0 inverter(s) to 0 load pin(s).
Netlist sorting complete. Time (s): cpu = 00:00:00 ; elapsed = 00:00:00 . Memory (MB): peak = 900.254 ; gain = 0.000
INFO: [Project 1-111] Unisim Transformation Summary:
  A total of 1 instances were transformed.
  BUFGCE => BUFGCTRL: 1 instances

INFO: [Common 17-83] Releasing license: Synthesis
30 Infos, 12 Warnings, 0 Critical Warnings and 0 Errors encountered.
synth_design completed successfully
synth_design: Time (s): cpu = 00:00:27 ; elapsed = 00:00:34 . Memory (MB): peak = 900.254 ; gain = 614.961
Netlist sorting complete. Time (s): cpu = 00:00:00 ; elapsed = 00:00:00.001 . Memory (MB): peak = 900.254 ; gain = 0.000
WARNING: [Constraints 18-5210] No constraints selected for write.
Resolution: This message can indicate that there are no constraints for the design, or it can indicate that the used_in flags are set such that the constraints are ignored. This later case is used when running synth_design to not write synthesis constraints to the resulting checkpoint. Instead, project constraints are read when the synthesized design is opened.
INFO: [Common 17-1381] The checkpoint 'C:/Xilinx/LowPower_Integrated_clock_Gating/LowPower_Integrated_clock_Gating.runs/synth_1/top_fpgam.dcp' has been generated.
INFO: [runtcl-4] Executing : report_utilization -file top_fpgam_utilization_synth.rpt -pb top_fpgam_utilization_synth.pb
INFO: [Common 17-206] Exiting Vivado at Fri Aug 28 22:40:16 2026...
